# Activity 2026-08-26 17:00–17:40 (UTC)
active 33m00s · afk 7m00s · 7 switches

## Apps by time
- Terminator: 24m22s
- firefox: 8m30s

## Top titles
### Terminator (24m22s)
- vim src/main.rs — 11m22s
- cargo test — 8m00s
- cargo test: 42 passed — 5m00s
### firefox (8m30s)
- std::sync::mpsc - Rust — Mozilla Firefox — 7m00s
- Rust std docs — Mozilla Firefox — 1m30s

## Recent task labels
(none)
