# Activity 2026-08-26 17:00–17:28 (UTC)
active 28m00s · afk 0s · 6 switches

## Apps by time
- Terminator: 19m22s
- firefox: 8m30s

## Documents
std::sync::mpsc - Rust 7m00s, Rust std docs 1m30s

## Timeline (minute offsets from window start)
- 0–6m Terminator: vim src/main.rs
- 6–7m firefox: Rust std docs — Mozilla Firefox + Terminator: vim src/main.rs
- 7–8m firefox: Rust std docs — Mozilla Firefox
- 8–15m firefox: std::sync::mpsc - Rust — Mozilla Firefox
- 15–20m Terminator: vim src/main.rs
- 20–28m Terminator: cargo test
