# Activity 2026-08-27 17:00–17:32 (UTC)
active 32m00s · afk 0s · 4 switches

## Apps by time
- firefox: 20m00s
- Terminator: 12m00s

## Sites by time
- docs.rs/axum: 13m00s
- github.com/chronicle: 7m00s

## Documents
axum::extract - Rust 13m00s, Pull requests · chronicle 7m00s

## Timeline (minute offsets from window start)
- 0–5m Terminator: vim src/main.rs
- 5–12m firefox: Pull requests · chronicle
- 12–25m firefox: axum::extract - Rust
- 25–32m Terminator: cargo build
