13:46:29–13:49:35 [focus] Google-chrome: northwind-memberships | Contoso Dashboard <https://northwind-memberships.acmeapi.example/control_panel/marketing/sms_campaigns/1/>
13:49:35–13:49:44 [context-switching]
13:49:44–13:50:35 [focus] chronicle: Chronicle
13:50:35–13:50:51 [focus] Terminator: ✳ M7 human-verified progress
13:50:51–13:51:21 [focus] chronicle: Chronicle
13:51:21–13:53:01 [focus] Terminator: ✳ M7 human-verified progress
13:53:01–13:53:08 [focus] chronicle: Chronicle
13:53:08–13:53:14 [focus] Terminator: ✳ M7 human-verified progress
13:53:14–13:53:22 [context-switching]
13:53:22–13:53:35 [focus] Terminator: ✳ M7 human-verified progress
13:53:35–13:53:36 [context-switching]
13:53:36–13:53:41 [focus] chronicle: Chronicle
13:53:41–13:53:48 [context-switching]
13:53:48–13:54:11 [focus] Slack: core-dev (Channel) - PB - 2 new items - Slack
13:54:11–13:54:16 [focus] chronicle: Chronicle
13:54:16–13:55:43 [focus] Terminator: ✳ M7 human-verified progress
13:55:43–13:55:46 [context-switching]
13:55:46–13:55:52 [focus] Terminator: ✳ M7 human-verified progress
13:55:52–13:55:55 [context-switching]
13:55:55–13:56:35 [focus] Terminator: ✳ M7 human-verified progress
13:56:35–13:56:46 [focus] chronicle: Chronicle
13:56:46–13:58:03 [focus] Terminator: ✳ M7 human-verified progress
13:58:03–13:58:09 [context-switching]
13:58:09–13:58:46 [focus] Terminator: ✳ M7 human-verified progress
13:58:46–13:58:47 [context-switching]
13:58:47–13:59:12 [focus] Google-chrome: Contoso Control Panel <https://staging-mailer.acmeapi.example/control_panel/>
13:59:12–13:59:24 [context-switching]
13:59:24–13:59:30 [focus] Terminator: ✳ Campaign SMS sending failure
13:59:30–13:59:33 [context-switching]
13:59:33–13:59:41 [focus] Terminator: ./local.sh shell_plus
13:59:41–13:59:55 [context-switching]
13:59:55–14:00:02 [focus] Terminator: ✳ Campaign SMS sending failure
14:00:02–14:00:06 [context-switching]
14:00:06–14:00:11 [focus] Terminator: ./local.sh shell_plus
14:00:11–14:00:21 [context-switching]
14:00:21–14:02:04 [focus] Google-chrome: Contoso Control Panel - Google Chrome
14:02:04–14:02:06 [context-switching]
14:02:06–14:02:32 [focus] Google-chrome: northwind-memberships | Contoso Dashboard <https://northwind-memberships.acmeapi.example/control_panel/marketing/sms_campaigns/1/>
14:02:32–14:04:01 [focus] Google-chrome: Contoso Control Panel <https://staging-mailer.acmeapi.example/control_panel/>
14:04:01–14:04:38 [focus] Google-chrome: northwind-memberships | Contoso Dashboard <https://northwind-memberships.acmeapi.example/control_panel/marketing/sms_campaigns/1/>
14:04:38–14:06:20 [focus] Google-chrome: Contoso Control Panel <https://staging-mailer.acmeapi.example/control_panel/>
14:06:20–14:06:22 [context-switching]
14:06:22–14:06:31 [focus] Google-chrome: Contoso Control Panel <https://staging-mailer.acmeapi.example/control_panel/>
14:06:31–14:07:02 [focus] Google-chrome: northwind-memberships | Contoso Dashboard <https://northwind-memberships.acmeapi.example/control_panel/marketing/sms_campaigns/1/>
14:07:02–14:07:38 [focus] Google-chrome: Contoso Control Panel <https://staging-mailer.acmeapi.example/control_panel/>
14:07:38–14:10:45 [focus] Google-chrome: northwind-memberships | Contoso Dashboard <https://northwind-memberships.acmeapi.example/control_panel/marketing/sms_campaigns/1/>
14:10:45–14:10:48 [context-switching]
14:10:48–14:12:43 [focus] Terminator: ✳ M7 human-verified progress
14:12:43–14:12:54 [context-switching]
14:12:54–14:13:13 [focus] Terminator: sam@workstation:~/dev/portfolio
14:13:13–14:13:22 [focus] Terminator: ✳ bearblog.dev portfolio redesign
14:13:22–14:17:13 [focus] Google-chrome: northwind-memberships | Contoso Dashboard - Google Chrome
14:17:13–14:17:14 [context-switching]
14:17:14–14:17:27 [focus] Terminator: ✳ Claude Code
14:17:27–14:17:55 [focus] Terminator: ✳ Campaign SMS sending failure
14:17:55–14:18:04 [context-switching]
14:18:04–14:18:59 [focus] Google-chrome: For you - Assigned to me - Jira <https://acme.atlassian.net/jira/for-you?tab=assigned>
14:18:59–14:19:08 [context-switching]
14:19:08–14:19:15 [focus] Terminator: ◐ Campaign SMS sending failure
14:19:15–14:19:23 [focus] Google-chrome: northwind-memberships | Contoso Dashboard <https://northwind-memberships.acmeapi.example/control_panel/marketing/sms_campaigns/1/>
14:19:23–14:19:30 [context-switching]
14:19:30–14:20:37 [focus] Google-chrome: Jira <https://acme.atlassian.net/browse/ACME-11032?xpis=eyJicmlkZ2UiOiJzbWFydExpbmtzIiwiaWQiOiIxNzg3ODQwMjg1NjYzIiwic291cmNlIjoiamlyYSJ9>
14:20:37–14:21:12 [focus] Terminator: ✳ Campaign SMS sending failure
14:21:12–14:21:18 [context-switching]
14:21:18–14:21:30 [focus] Terminator: ✳ Campaign SMS sending failure
14:21:30–14:22:28 [focus] Terminator: ./local.sh shell_plus
