# Activity 2026-08-27 13:46–14:22 (UTC)
active 29m53s · afk 6m04s · 66 switches

## Apps by time
- Google-chrome: 13m48s
- Terminator: 11m43s
- chronicle: 1m50s
- Slack: 22s

## Sites by time
- northwind-memberships.acmeapi.example/control_panel: 4m47s
- staging-mailer.acmeapi.example/control_panel: 4m21s
- acme.atlassian.net/browse: 1m07s
- acme.atlassian.net/jira: 55s

## Keys seen
cwd portfolio 19s

## Documents
M7 human-verified progress 8m18s, Contoso Control Panel 6m04s, northwind-memberships | Contoso Dashboard 5m41s, Campaign SMS sending failure 1m35s, For you - Assigned to me 55s

## People
core-dev 22s

## Timeline (minute offsets from window start)
- 0–3m Google-chrome: northwind-memberships | Contoso Dashboard
- 3–4m chronicle: Chronicle
- 4–5m chronicle: Chronicle + Terminator: ✳ M7 human-verified progress
- 5–7m Terminator: ✳ M7 human-verified progress
- 7–8m Slack: core-dev (Channel) - PB - 2 new items - Slack + Terminator: ✳ M7 human-verified progress
- 8–12m Terminator: ✳ M7 human-verified progress
- 12–13m Google-chrome: Contoso Control Panel + Terminator: ✳ M7 human-verified progress
- 13–14m (rapid app switching)
- 14–15m Google-chrome: Contoso Control Panel - Google Chrome
- 15–16m Google-chrome: Contoso Control Panel - Google Chrome + Google-chrome: northwind-memberships | Contoso Dashboard
- 16–17m Google-chrome: Contoso Control Panel
- 17–18m Google-chrome: Contoso Control Panel + Google-chrome: northwind-memberships | Contoso Dashboard
- 18–20m Google-chrome: Contoso Control Panel
- 20–21m Google-chrome: northwind-memberships | Contoso Dashboard + Google-chrome: Contoso Control Panel
- 21–24m afk
- 24–25m Terminator: ✳ M7 human-verified progress + Google-chrome: northwind-memberships | Contoso Dashboard - Google Chrome
- 25–26m Terminator: ✳ M7 human-verified progress
- 26–27m Terminator: sam@workstation:~/dev/portfolio
- 27–31m afk
- 31–32m Google-chrome: For you - Assigned to me - Jira + Terminator: ✳ Campaign SMS sending failure
- 32–33m Google-chrome: For you - Assigned to me - Jira
- 33–34m Google-chrome: Jira
- 34–35m Terminator: ✳ Campaign SMS sending failure
- 35–36m Terminator: ./local.sh shell_plus
